ï¿½ Chip revï¿½ets Jul 29 2019 12:21:46

rst:0x1 (POWERON_RESET),boot:0x13 (SPI_FAST_FLASH_BOOT)
configsip: 0, SPIWP:0xee
clk_drv:0x00,q_drv:0x00,d_drv:0x00,cs0_drv:0x00,hd_drv:0x00,wp_drv:0x00
mode:DIO, clock div:2
load:0x3fff0030,len:7132
ho 0 tail 12 room 4
load:0x40078000,len:15708
load:0x40080400,len:4
ho 8 tail 4 room 4
load:0x40080404,len:3884
entry 0x40080650
[0;32mI (33) boot: ESP-IDF v5.2-dev-1890-g28167ea5a3 2nd stage bootloader[0m
[0;32mI (33) boot: compile time Aug  3 2023 14:20:05[0m
[0;32mI (35) boot: Multicore bootloader[0m
[0;32mI (39) boot: chip revision: v3.0[0m
[0;32mI (43) boot.esp32: SPI Speed      : 40MHz[0m
[0;32mI (47) boot.esp32: SPI Mode       : DIO[0m
[0;32mI (52) boot.esp32: SPI Flash Size : 2MB[0m
[0;32mI (56) boot: Enabling RNG early entropy source...[0m
[0;32mI (62) boot: Partition Table:[0m
[0;32mI (65) boot: ## Label            Usage          Type ST Offset   Length[0m
[0;32mI (73) boot:  0 nvs              WiFi data        01 02 00009000 00006000[0m
[0;32mI (80) boot:  1 phy_init         RF data          01 01 0000f000 00001000[0m
[0;32mI (88) boot:  2 factory          factory app      00 00 00010000 00100000[0m
[0;32mI (95) boot: End of partition table[0m
[0;32mI (99) esp_image: segment 0: paddr=00010020 vaddr=3f400020 size=093ach ( 37804) map[0m
[0;32mI (121) esp_image: segment 1: paddr=000193d4 vaddr=3ffb0000 size=0211ch (  8476) load[0m
[0;32mI (125) esp_image: segment 2: paddr=0001b4f8 vaddr=40080000 size=04b20h ( 19232) load[0m
[0;32mI (135) esp_image: segment 3: paddr=00020020 vaddr=400d0020 size=13b30h ( 80688) map[0m
[0;32mI (165) esp_image: segment 4: paddr=00033b58 vaddr=40084b20 size=073d4h ( 29652) load[0m
[0;32mI (183) boot: Loaded app from partition at offset 0x10000[0m
[0;32mI (184) boot: Disabling RNG early entropy source...[0m
[0;32mI (195) cpu_start: Multicore app[0m
[0;32mI (195) cpu_start: Pro cpu up.[0m
[0;32mI (195) cpu_start: Starting app cpu, entry point is 0x4008101c[0m
[0;32mI (0) cpu_start: App cpu up.[0m
[0;32mI (213) cpu_start: Pro cpu start user code[0m
[0;32mI (213) cpu_start: cpu freq: 160000000 Hz[0m
[0;32mI (213) cpu_start: Application information:[0m
[0;32mI (218) cpu_start: Project name:     unitExample[0m
[0;32mI (223) cpu_start: App version:      100d16f[0m
[0;32mI (228) cpu_start: Compile time:     Aug  3 2023 14:19:53[0m
[0;32mI (234) cpu_start: ELF file SHA256:  93107568b...[0m
[0;32mI (240) cpu_start: ESP-IDF:          v5.2-dev-1890-g28167ea5a3[0m
[0;32mI (246) cpu_start: Min chip rev:     v0.0[0m
[0;32mI (251) cpu_start: Max chip rev:     v3.99 [0m
[0;32mI (256) cpu_start: Chip rev:         v3.0[0m
[0;32mI (261) heap_init: Initializing. RAM available for dynamic allocation:[0m
[0;32mI (268) heap_init: At 3FFAE6E0 len 00001920 (6 KiB): DRAM[0m
[0;32mI (274) heap_init: At 3FFB2A38 len 0002D5C8 (181 KiB): DRAM[0m
[0;32mI (280) heap_init: At 3FFE0440 len 00003AE0 (14 KiB): D/IRAM[0m
[0;32mI (286) heap_init: At 3FFE4350 len 0001BCB0 (111 KiB): D/IRAM[0m
[0;32mI (293) heap_init: At 4008BEF4 len 0001410C (80 KiB): IRAM[0m
[0;32mI (301) spi_flash: detected chip: generic[0m
[0;32mI (304) spi_flash: flash io: dio[0m
[0;33mW (308) spi_flash: Detected size(4096k) larger than the size in the binary image header(2048k). Using the size in the binary image header.[0m
[0;32mI (321) app_start: Starting scheduler on CPU0[0m
[0;32mI (326) app_start: Starting scheduler on CPU1[0m
[0;32mI (326) main_task: Started on CPU0[0m
[0;32mI (336) main_task: Calling app_main()[0m

#### Executing one test by its name #####

Running Mean of an empty array is zero...
/home/jonata/esp/ESP32-CI-CD/components/testable/test/test_mean.c:16:Mean of an empty array is zero:PASS

-----------------------
1 Tests 0 Failures 0 Ignored 
OK

#### Running tests with [mean] tag #####

Running tests matching '[mean]'...
Running Mean of an empty array is zero...
/home/jonata/esp/ESP32-CI-CD/components/testable/test/test_mean.c:16:Mean of an empty array is zero:PASS
Running Mean of a test vector...
/home/jonata/esp/ESP32-CI-CD/components/testable/test/test_mean.c:22:Mean of a test vector:PASS
Running Another test case which fails...
/home/jonata/esp/ESP32-CI-CD/components/testable/test/test_mean.c:35:Another test case which fails:FAIL: Expected 2147483647 Was -1

-----------------------
3 Tests 1 Failures 0 Ignored 
FAIL

#### Running tests without [fails] tag #####

Running tests NOT matching '[fails]'...
Running Mean of an empty array is zero...
/home/jonata/esp/ESP32-CI-CD/components/testable/test/test_mean.c:16:Mean of an empty array is zero:PASS
Running Mean of a test vector...
/home/jonata/esp/ESP32-CI-CD/components/testable/test/test_mean.c:22:Mean of a test vector:PASS

-----------------------
2 Tests 0 Failures 0 Ignored 
OK

#### Running all the registered tests #####

Running Mean of an empty array is zero...
/home/jonata/esp/ESP32-CI-CD/components/testable/test/test_mean.c:16:Mean of an empty array is zero:PASS
Running Mean of a test vector...
/home/jonata/esp/ESP32-CI-CD/components/testable/test/test_mean.c:22:Mean of a test vector:PASS
Running Another test case which fails...
/home/jonata/esp/ESP32-CI-CD/components/testable/test/test_mean.c:35:Another test case which fails:FAIL: Expected 2147483647 Was -1

-----------------------
3 Tests 1 Failures 0 Ignored 
FAIL

#### Starting interactive test menu #####



Press ENTER to see the list of tests.



Here's the test menu, pick your combo:
(1)	"Mean of an empty array is zero" [mean]
(2)	"Mean of a test vector" [mean]
(3)	"Another test case which fails" [mean][fails]

Enter test for running.
2
Running Mean of a test vector...
/home/jonata/esp/ESP32-CI-CD/components/testable/test/test_mean.c:22:Mean of a test vector:PASS
Test ran in 13ms

-----------------------
1 Tests 0 Failures 0 Ignored 
OK
Enter next test, or 'enter' to see menu



Here's the test menu, pick your combo:
(1)	"Mean of an empty array is zero" [mean]
(2)	"Mean of a test vector" [mean]
(3)	"Another test case which fails" [mean][fails]

Enter test for running.
3
Running Another test case which fails...
/home/jonata/esp/ESP32-CI-CD/components/testable/test/test_mean.c:35:Another test case which fails:FAIL: Expected 2147483647 Was -1
Test ran in 19ms

-----------------------
1 Tests 1 Failures 0 Ignored 
FAIL
Enter next test, or 'enter' to see menu



Here's the test menu, pick your combo:
(1)	"Mean of an empty array is zero" [mean]
(2)	"Mean of a test vector" [mean]
(3)	"Another test case which fails" [mean][fails]

Enter test for running.
1
Running Mean of an empty array is zero...
/home/jonata/esp/ESP32-CI-CD/components/testable/test/test_mean.c:16:Mean of an empty array is zero:PASS
Test ran in 15ms

-----------------------
1 Tests 0 Failures 0 Ignored 
OK
Enter next test, or 'enter' to see menu



Here's the test menu, pick your combo:
(1)	"Mean of an empty array is zero" [mean]
(2)	"Mean of a test vector" [mean]
(3)	"Another test case which fails" [mean][fails]

Enter test for running.
1
Running Mean of an empty array is zero...
/home/jonata/esp/ESP32-CI-CD/components/testable/test/test_mean.c:16:Mean of an empty array is zero:PASS
Test ran in 15ms

-----------------------
1 Tests 0 Failures 0 Ignored 
OK
Enter next test, or 'enter' to see menu



Here's the test menu, pick your combo:
(1)	"Mean of an empty array is zero" [mean]
(2)	"Mean of a test vector" [mean]
(3)	"Another test case which fails" [mean][fails]

Enter test for running.
2
Running Mean of a test vector...
/home/jonata/esp/ESP32-CI-CD/components/testable/test/test_mean.c:22:Mean of a test vector:PASS
Test ran in 13ms

-----------------------
1 Tests 0 Failures 0 Ignored 
OK
Enter next test, or 'enter' to see menu



Here's the test menu, pick your combo:
(1)	"Mean of an empty array is zero" [mean]
(2)	"Mean of a test vector" [mean]
(3)	"Another test case which fails" [mean][fails]

Enter test for running.
2
Running Mean of a test vector...
/home/jonata/esp/ESP32-CI-CD/components/testable/test/test_mean.c:22:Mean of a test vector:PASS
Test ran in 13ms

-----------------------
1 Tests 0 Failures 0 Ignored 
OK
Enter next test, or 'enter' to see menu



Here's the test menu, pick your combo:
(1)	"Mean of an empty array is zero" [mean]
(2)	"Mean of a test vector" [mean]
(3)	"Another test case which fails" [mean][fails]

Enter test for running.
3
Running Another test case which fails...
/home/jonata/esp/ESP32-CI-CD/components/testable/test/test_mean.c:35:Another test case which fails:FAIL: Expected 2147483647 Was -1
Test ran in 19ms

-----------------------
1 Tests 1 Failures 0 Ignored 
FAIL
Enter next test, or 'enter' to see menu



Here's the test menu, pick your combo:
(1)	"Mean of an empty array is zero" [mean]
(2)	"Mean of a test vector" [mean]
(3)	"Another test case which fails" [mean][fails]

Enter test for running.
3
Running Another test case which fails...
/home/jonata/esp/ESP32-CI-CD/components/testable/test/test_mean.c:35:Another test case which fails:FAIL: Expected 2147483647 Was -1
Test ran in 19ms

-----------------------
1 Tests 1 Failures 0 Ignored 
FAIL
Enter next test, or 'enter' to see menu



Here's the test menu, pick your combo:
(1)	"Mean of an empty array is zero" [mean]
(2)	"Mean of a test vector" [mean]
(3)	"Another test case which fails" [mean][fails]

Enter test for running.



Here's the test menu, pick your combo:
(1)	"Mean of an empty array is zero" [mean]
(2)	"Mean of a test vector" [mean]
(3)	"Another test case which fails" [mean][fails]

Enter test for running.
